
-------------------------------------------------------------------------
|    ___ _   _ ___                                                      |
|   / __| | | |_  )   Release 8.5.0 "Harrier"                           |
|   \__ \ |_| |/ /                                                      |
|   |___/\___//___|   Suite (Computational Fluid Dynamics Code)         |
|                                                                       |
-------------------------------------------------------------------------
| SU2 Project Website: https://su2code.github.io                        |
|                                                                       |
| The SU2 Project is maintained by the SU2 Foundation                   |
| (http://su2foundation.org)                                            |
-------------------------------------------------------------------------
| Copyright 2012-2026, SU2 Contributors                                 |
|                                                                       |
| SU2 is free software; you can redistribute it and/or                  |
| modify it under the terms of the GNU Lesser General Public            |
| License as published by the Free Software Foundation; either          |
| version 2.1 of the License, or (at your option) any later version.    |
|                                                                       |
| SU2 is distributed in the hope that it will be useful,                |
| but WITHOUT ANY WARRANTY; without even the implied warranty of        |
| MERCHANTABILITY or FITNESS FOR A PARTICULAR PURPOSE. See the GNU      |
| Lesser General Public License for more details.                       |
|                                                                       |
| You should have received a copy of the GNU Lesser General Public      |
| License along with SU2. If not, see <http://www.gnu.org/licenses/>.   |
-------------------------------------------------------------------------

Parsing config file for zone 0

----------------- Physical Case Definition ( Zone 0 ) -------------------
Compressible Euler equations.
Mach number: 0.5.
Angle of attack (AoA): 5 deg, and angle of sideslip (AoS): 0 deg.
No restart solution, use the values at infinity (freestream).
Dimensional simulation.
The reference area is 1 m^2.
The semi-span will be computed using the max y(3D) value.
The reference length is 1 m.
Reference origin for moment evaluation is (0, 0, 0).
Surface(s) where the force coefficients are evaluated: airfoil.

Input mesh file name: /home/heinz/isaaclab_uav/aero/results/cmsh/cmesh.su2

--------------- Space Numerical Integration ( Zone 0 ) ------------------
Roe (with entropy fix = 0.001) solver for the flow inviscid terms.
Standard Roe without low-dissipation function.
First order integration in space.
Gradient for upwind reconstruction: inverse-distance weighted Least-Squares.
Gradient for viscous and source terms: inverse-distance weighted Least-Squares.

--------------- Time Numerical Integration  ( Zone 0 ) ------------------
Local time stepping (steady state simulation).
Euler implicit method for the flow equations.
FGMRES is used for solving the linear system.
Using a ILU(0) preconditioning.
Convergence criteria of the linear solver: 1e-06.
Max number of linear iterations: 10.
No CFL adaptation.
Courant-Friedrichs-Lewy number:        5

------------------ Convergence Criteria  ( Zone 0 ) ---------------------
Maximum number of solver subiterations: 30.
Begin convergence monitoring at iteration 5.
Residual minimum value: 1e-6.
Cauchy series min. value: 1e-10.
Number of Cauchy elements: 100.
Begin windowed time average at iteration 0.

-------------------- Output Information ( Zone 0 ) ----------------------
File writing frequency: 
+------------------------------------+
|                     File| Frequency|
+------------------------------------+
|                  RESTART|       250|
|                 PARAVIEW|       250|
|         SURFACE_PARAVIEW|       250|
+------------------------------------+
Writing the convergence history file every 1 inner iterations.
Writing the screen convergence history every 1 inner iterations.
The tabular file format is CSV (.csv).
Convergence history file name: history.
Forces breakdown file name: forces_breakdown.dat.
Surface file name: surface.
Volume file name: vol_solution.
Restart file name: restart.

------------- Config File Boundary Information ( Zone 0 ) ---------------
+-----------------------------------------------------------------------+
|                        Marker Type|                        Marker Name|
+-----------------------------------------------------------------------+
|                          Far-field|                           farfield|
+-----------------------------------------------------------------------+
|                     Symmetry plane|                            airfoil|
+-----------------------------------------------------------------------+

-------------------- Output Preprocessing ( Zone 0 ) --------------------

WARNING: SURFACE_PRESSURE_DROP can only be computed for at least 2 surfaces (outlet, inlet, ...)

  Info: Ignoring the following screen output fields:
  RMS_LIFT, RMS_DRAG
Screen output fields: INNER_ITER, RMS_DENSITY
  Info: Ignoring the following history output groups:
  RMS_CL, RMS_CD
History output group(s): ITER
Convergence field(s): RMS_DENSITY
Warning: No (valid) fields chosen for time convergence monitoring. Time convergence monitoring inactive.
Volume output fields: COORDINATES, SOLUTION, PRIMITIVE

------------------- Geometry Preprocessing ( Zone 0 ) -------------------
Two dimensional problem.
47982 grid points.
95627 volume elements.
1 surface markers.
337 boundary elements in index 0 (Marker = airfoil).
95627 triangles.
Setting point connectivity.
Renumbering points (Reverse Cuthill McKee Ordering).
Recomputing point connectivity.
Setting element connectivity.
Checking the numerical grid orientation.
All volume elements are correctly oriented.
There has been a re-orientation of 205 LINE surface elements.
Identifying edges and vertices.
Setting the control volume structure.
Area of the computational grid: 706.509.
Searching for the closest normal neighbors to the surfaces.
Storing a mapping from global to local point index.
Compute the surface curvature.
Max K: 186.145. Mean K: 2.14568. Standard deviation K: 15.1118.
Computing mesh quality statistics for the dual control volumes.
+--------------------------------------------------------------+
|           Mesh Quality Metric|        Minimum|        Maximum|
+--------------------------------------------------------------+
|    Orthogonality Angle (deg.)|        74.0748|        89.5682|
|     CV Face Area Aspect Ratio|        1.00006|        7.00318|
|           CV Sub-Volume Ratio|        1.00004|         4.3302|
+--------------------------------------------------------------+
Finding max control volume width.
Wetted area = 0 m.
Area projection in the x-plane = 0 m, y-plane = 0 m.
Max. coordinate in the x-direction = -1e+10 m, y-direction = -1e+10 m.
Min. coordinate in the x-direction = 1e+10 m, y-direction = 1e+10 m.
Computing wall distances.

-------------------- Solver Preprocessing ( Zone 0 ) --------------------
Inviscid flow: Computing density based on free-stream
temperature and pressure using the ideal gas law.
Force coefficients computed using free-stream values.

-- Models:
+------------------------------------------------------------------------------+
|          Viscosity Model|        Conductivity Model|              Fluid Model|
+------------------------------------------------------------------------------+
|                        -|                         -|             STANDARD_AIR|
+------------------------------------------------------------------------------+
-- Fluid properties:
+------------------------------------------------------------------------------+
|                  Name|    Dim. value|    Ref. value|      Unit|Non-dim. value|
+------------------------------------------------------------------------------+
|          Gas Constant|       287.058|             1|  N.m/kg.K|       287.058|
|      Spec. Heat Ratio|             -|             -|         -|           1.4|
+------------------------------------------------------------------------------+
-- Initial and free-stream conditions:
+------------------------------------------------------------------------------+
|                  Name|    Dim. value|    Ref. value|      Unit|Non-dim. value|
+------------------------------------------------------------------------------+
|       Static Pressure|        101325|             1|        Pa|        101325|
|               Density|       1.22498|             1|    kg/m^3|       1.22498|
|           Temperature|        288.15|             1|         K|        288.15|
|          Total Energy|        221265|             1|   m^2/s^2|        221265|
|            Velocity-X|       169.501|             1|       m/s|       169.501|
|            Velocity-Y|       14.8294|             1|       m/s|       14.8294|
|    Velocity Magnitude|       170.149|             1|       m/s|       170.149|
+------------------------------------------------------------------------------+
|           Mach Number|             -|             -|         -|           0.5|
+------------------------------------------------------------------------------+
Initialize Jacobian structure (Euler). MG level: 0.

------------------- Numerics Preprocessing ( Zone 0 ) -------------------

----------------- Integration Preprocessing ( Zone 0 ) ------------------

------------------- Iteration Preprocessing ( Zone 0 ) ------------------
Euler/Navier-Stokes/RANS fluid iteration.

------------------------------ Begin Solver -----------------------------

Simulation Run using the Single-zone Driver
+-------------------------+
|  Inner_Iter|    rms[Rho]|
+-------------------------+
|           0|    0.740225|
|           1|    0.484106|
|           2|    0.360343|
|           3|    0.293778|
|           4|    0.252572|
|           5|    0.219171|
|           6|    0.189955|
|           7|    0.163263|
|           8|    0.138535|
|           9|    0.115435|
|          10|    0.093216|
|          11|    0.071179|
|          12|    0.049149|
|          13|    0.027212|
|          14|    0.005375|
|          15|   -0.016237|
|          16|   -0.037177|
|          17|   -0.057198|
|          18|   -0.076743|
|          19|   -0.096391|
|          20|   -0.116142|
|          21|   -0.135301|
|          22|   -0.153043|
|          23|   -0.169054|
|          24|   -0.183328|
|          25|   -0.195892|
|          26|   -0.206627|
|          27|   -0.215158|
|          28|   -0.221354|
|          29|   -0.225957|

----------------------------- Solver Exit -------------------------------

Maximum number of iterations reached (ITER = 30) before convergence.
+-----------------------------------------------------------------------+
|      Convergence Field     |     Value    |   Criterion  |  Converged |
+-----------------------------------------------------------------------+
|                    rms[Rho]|     -0.225957|          < -6|          No|
+-----------------------------------------------------------------------+
-------------------------------------------------------------------------
+-----------------------------------------------------------------------+
|        File Writing Summary       |              Filename             |
+-----------------------------------------------------------------------+
|SU2 binary restart                 |restart.dat                        |
|Paraview                           |vol_solution.vtu                   |
|Paraview surface                   |surface.vtu                        |
+-----------------------------------------------------------------------+

--------------------------- Finalizing Solver ---------------------------
Deleted CNumerics container.
Deleted CIntegration container.
Deleted CSolver container.
Deleted CIteration container.
Deleted CInterface container.
Deleted CGeometry container.
Deleted CFreeFormDefBox class.
Deleted CSurfaceMovement class.
Deleted CVolumetricMovement class.
Deleted CConfig container.
Deleted nInst container.
Deleted COutput class.
-------------------------------------------------------------------------

------------------------- Exit Success (SU2_CFD) ------------------------

