== uv venv ==
Using CPython 3.12.3 interpreter at: /usr/bin/python3.12
Creating virtual environment with seed packages at: /home/heinz/env_aero
 + pip==26.2.1
Activate with: source /home/heinz/env_aero/bin/activate
Using Python 3.12.3 environment at: /home/heinz/env_aero
Resolved 4 packages in 85ms
Prepared 3 packages in 56ms
Installed 3 packages in 5ms
 + packaging==26.3
 + setuptools==84.0.0
 + wheel==0.48.0
== numerical core ==
Using Python 3.12.3 environment at: /home/heinz/env_aero
Resolved 12 packages in 261ms
Prepared 9 packages in 682ms
Installed 11 packages in 15ms
 + contourpy==1.4.0
 + cycler==0.12.1
 + fonttools==4.65.0
 + kiwisolver==1.5.1
 + matplotlib==3.11.2
 + numpy==2.5.3
 + pillow==12.3.0
 + pyparsing==3.3.2
 + python-dateutil==2.9.0.post0
 + scipy==1.18.1
 + six==1.17.0
== torch CPU-only wheel ==
Using Python 3.12.3 environment at: /home/heinz/env_aero
Resolved 10 packages in 386ms
Prepared 9 packages in 2.72s
Installed 9 packages in 183ms
 + filelock==3.32.3
 + fsspec==2026.7.0
 + jinja2==3.1.6
 + markupsafe==3.0.3
 + mpmath==1.3.0
 + networkx==3.6.1
 + sympy==1.14.0
 + torch==2.14.0+cpu
 + typing-extensions==4.16.0
== RL ==
Using Python 3.12.3 environment at: /home/heinz/env_aero
Resolved 15 packages in 712ms
Prepared 4 packages in 156ms
Installed 4 packages in 148ms
 + cloudpickle==3.1.2
 + farama-notifications==0.0.6
 + gymnasium==1.3.0
 + stable-baselines3==2.9.0
== mesh / viz / build tools ==
Using Python 3.12.3 environment at: /home/heinz/env_aero
Resolved 33 packages in 235ms
Prepared 20 packages in 1.91s
Installed 21 packages in 17ms
 + attrs==26.1.0
 + certifi==2026.7.22
 + charset-normalizer==3.5.1
 + cyclopts==4.25.2
 + docstring-parser==0.18.0
 + gmsh==4.15.2
 + idna==3.19
 + markdown-it-py==4.2.0
 + mdurl==0.1.2
 + meshio==5.3.5
 + platformdirs==4.11.8
 + pooch==1.9.0
 + pygments==2.21.0
 + pyvista==0.49.0
 + pyvista-validation==0.2.2
 + requests==2.34.2
 + rich==15.0.0
 + rich-rst==2.1.0
 + scooby==0.12.0
 + urllib3==2.7.0
 + vtk==9.7.0
Using Python 3.12.3 environment at: /home/heinz/env_aero
Resolved 2 packages in 66ms
Prepared 2 packages in 42ms
Installed 2 packages in 4ms
 + meson==1.12.0
 + ninja==1.13.2
== xfoil python binding (sdist: CMake + gfortran) ==
Using Python 3.12.3 environment at: /home/heinz/env_aero
Resolved 2 packages in 285ms
  × Failed to download and build `xfoil==1.1.1`
  ╰─▶ Build backend failed to build wheel through `build_wheel` (exit status:
      1)

      [stdout]
      running bdist_wheel
      running build
      running build_py
      creating build/lib.linux-x86_64-cpython-312/xfoil
      copying xfoil/xfoil.py -> build/lib.linux-x86_64-cpython-312/xfoil
      copying xfoil/test.py -> build/lib.linux-x86_64-cpython-312/xfoil
      copying xfoil/__init__.py -> build/lib.linux-x86_64-cpython-312/xfoil
      copying xfoil/model.py -> build/lib.linux-x86_64-cpython-312/xfoil
      running build_ext
      ['-DCMAKE_BUILD_TYPE=Release',
      '-DCMAKE_LIBRARY_OUTPUT_DIRECTORY_RELEASE=/home/heinz/.cache/uv/sdists-v6/pypi/xfoil/1.1.1/Yxb1J5xohhNJh_IgjgnXl/src/build/lib.linux-x86_64-cpython-312/xfoil',
      '-DCMAKE_ARCHIVE_OUTPUT_DIRECTORY_RELEASE=build/temp.linux-x86_64-cpython-312',
      '-DPYTHON_EXECUTABLE=/home/heinz/.cache/uv/builds-v0/.tmplHXyMV/bin/python']

      [stderr]
      /home/heinz/.cache/uv/builds-v0/.tmplHXyMV/lib/python3.12/site-packages/setuptools/_distutils/dist.py:318:
      UserWarning: Unknown distribution option: 'zip_save'
        warnings.warn(msg)
      /home/heinz/.cache/uv/builds-v0/.tmplHXyMV/lib/python3.12/site-packages/setuptools/dist.py:765:
      SetuptoolsDeprecationWarning: License classifiers are deprecated.
      !!

      
      ********************************************************************************
              Please consider removing the following classifiers in favor of a
      SPDX license expression:

              License :: OSI Approved :: GNU General Public License v3 or
      later (GPLv3+)

              See
      https://packaging.python.org/en/latest/guides/writing-pyproject-toml/#license
      for details.
      
      ********************************************************************************

      !!
        self._finalize_license_expression()
      CMake Warning:
        Ignoring extra path from command line:

      
      "/home/heinz/.cache/uv/sdists-v6/pypi/xfoil/1.1.1/Yxb1J5xohhNJh_IgjgnXl/src"

      
      CMake Error: The source directory
      "/home/heinz/.cache/uv/sdists-v6/pypi/xfoil/1.1.1/Yxb1J5xohhNJh_IgjgnXl/src"
      does not appear to contain CMakeLists.txt.
      Specify --help for usage, or press the help button on the CMake GUI.
      Traceback (most recent call last):
        File "<string>", line 11, in <module>
        File
      "/home/heinz/.cache/uv/builds-v0/.tmplHXyMV/lib/python3.12/site-packages/setuptools/build_meta.py",
      line 438, in build_wheel
          return _build(['bdist_wheel'])
                 ^^^^^^^^^^^^^^^^^^^^^^^
        File
      "/home/heinz/.cache/uv/builds-v0/.tmplHXyMV/lib/python3.12/site-packages/setuptools/build_meta.py",
      line 429, in _build
          return self._build_with_temp_dir(
                 ^^^^^^^^^^^^^^^^^^^^^^^^^^
        File
      "/home/heinz/.cache/uv/builds-v0/.tmplHXyMV/lib/python3.12/site-packages/setuptools/build_meta.py",
      line 410, in _build_with_temp_dir
          self.run_setup()
        File
      "/home/heinz/.cache/uv/builds-v0/.tmplHXyMV/lib/python3.12/site-packages/setuptools/build_meta.py",
      line 520, in run_setup
          super().run_setup(setup_script=setup_script)
        File
      "/home/heinz/.cache/uv/builds-v0/.tmplHXyMV/lib/python3.12/site-packages/setuptools/build_meta.py",
      line 317, in run_setup
          exec(code, locals())  # noqa: S102 # exec is intentional here
          ^^^^^^^^^^^^^^^^^^^^
        File "<string>", line 120, in <module>
        File
      "/home/heinz/.cache/uv/builds-v0/.tmplHXyMV/lib/python3.12/site-packages/setuptools/__init__.py",
      line 117, in setup
          return distutils.core.setup(**attrs)  # type: ignore[return-value]
                 ^^^^^^^^^^^^^^^^^^^^^^^^^^^^^
        File
      "/home/heinz/.cache/uv/builds-v0/.tmplHXyMV/lib/python3.12/site-packages/setuptools/_distutils/core.py",
      line 168, in setup
          return run_commands(dist)
                 ^^^^^^^^^^^^^^^^^^
        File
      "/home/heinz/.cache/uv/builds-v0/.tmplHXyMV/lib/python3.12/site-packages/setuptools/_distutils/core.py",
      line 184, in run_commands
          dist.run_commands()
        File
      "/home/heinz/.cache/uv/builds-v0/.tmplHXyMV/lib/python3.12/site-packages/setuptools/_distutils/dist.py",
      line 1028, in run_commands
          self.run_command(cmd)
        File
      "/home/heinz/.cache/uv/builds-v0/.tmplHXyMV/lib/python3.12/site-packages/setuptools/dist.py",
      line 1106, in run_command
          super().run_command(command)
        File
      "/home/heinz/.cache/uv/builds-v0/.tmplHXyMV/lib/python3.12/site-packages/setuptools/_distutils/dist.py",
      line 1047, in run_command
          cmd_obj.run()
        File
      "/home/heinz/.cache/uv/builds-v0/.tmplHXyMV/lib/python3.12/site-packages/setuptools/command/bdist_wheel.py",
      line 385, in run
          self.run_command("build")
        File
      "/home/heinz/.cache/uv/builds-v0/.tmplHXyMV/lib/python3.12/site-packages/setuptools/_distutils/cmd.py",
      line 342, in run_command
          self.distribution.run_command(command)
        File
      "/home/heinz/.cache/uv/builds-v0/.tmplHXyMV/lib/python3.12/site-packages/setuptools/dist.py",
      line 1106, in run_command
          super().run_command(command)
        File
      "/home/heinz/.cache/uv/builds-v0/.tmplHXyMV/lib/python3.12/site-packages/setuptools/_distutils/dist.py",
      line 1047, in run_command
          cmd_obj.run()
        File
      "/home/heinz/.cache/uv/builds-v0/.tmplHXyMV/lib/python3.12/site-packages/setuptools/_distutils/command/build.py",
      line 137, in run
          self.run_command(cmd_name)
        File
      "/home/heinz/.cache/uv/builds-v0/.tmplHXyMV/lib/python3.12/site-packages/setuptools/_distutils/cmd.py",
      line 342, in run_command
          self.distribution.run_command(command)
        File
      "/home/heinz/.cache/uv/builds-v0/.tmplHXyMV/lib/python3.12/site-packages/setuptools/dist.py",
      line 1106, in run_command
          super().run_command(command)
        File
      "/home/heinz/.cache/uv/builds-v0/.tmplHXyMV/lib/python3.12/site-packages/setuptools/_distutils/dist.py",
      line 1047, in run_command
          cmd_obj.run()
        File
      "/home/heinz/.cache/uv/builds-v0/.tmplHXyMV/lib/python3.12/site-packages/setuptools/command/build_ext.py",
      line 95, in run
          _build_ext.run(self)
        File
      "/home/heinz/.cache/uv/builds-v0/.tmplHXyMV/lib/python3.12/site-packages/setuptools/_distutils/command/build_ext.py",
      line 382, in run
          self.build_extensions()
        File "<string>", line 109, in build_extensions
        File "/usr/lib/python3.12/subprocess.py", line 413, in check_call
          raise CalledProcessError(retcode, cmd)
      subprocess.CalledProcessError: Command '['cmake',
      '/home/heinz/.cache/uv/sdists-v6/pypi/xfoil/1.1.1/Yxb1J5xohhNJh_IgjgnXl/src',
      '-DCMAKE_BUILD_TYPE=Release',
      '-DCMAKE_LIBRARY_OUTPUT_DIRECTORY_RELEASE=/home/heinz/.cache/uv/sdists-v6/pypi/xfoil/1.1.1/Yxb1J5xohhNJh_IgjgnXl/src/build/lib.linux-x86_64-cpython-312/xfoil',
      '-DCMAKE_ARCHIVE_OUTPUT_DIRECTORY_RELEASE=build/temp.linux-x86_64-cpython-312',
      '-DPYTHON_EXECUTABLE=/home/heinz/.cache/uv/builds-v0/.tmplHXyMV/bin/python']'
      returned non-zero exit status 1.

uv failed the xfoil sdist — falling back to seeded pip
Collecting xfoil
  Downloading xfoil-1.1.1.tar.gz (12 kB)
  Installing build dependencies: started
  Installing build dependencies: finished with status 'done'
  Getting requirements to build wheel: started
  Getting requirements to build wheel: finished with status 'done'
  Preparing metadata (pyproject.toml): started
  Preparing metadata (pyproject.toml): finished with status 'done'
Requirement already satisfied: numpy in /home/heinz/env_aero/lib/python3.12/site-packages (from xfoil) (2.5.3)
Building wheels for collected packages: xfoil
  Building wheel for xfoil (pyproject.toml): started
  Building wheel for xfoil (pyproject.toml): finished with status 'error'
  [1;31merror[0m: [1msubprocess-exited-with-error[0m
  
  [31m×[0m [32mBuilding wheel for xfoil [0m[1;32m([0m[32mpyproject.toml[0m[1;32m)[0m did not run successfully.
  [31m│[0m exit code: [1;36m1[0m
  [31m╰─>[0m [31m[94 lines of output][0m
  [31m   [0m /tmp/pip-build-env-rtpc765w/overlay/lib/python3.12/site-packages/setuptools/_distutils/dist.py:318: UserWarning: Unknown distribution option: 'zip_save'
  [31m   [0m   warnings.warn(msg)
  [31m   [0m /tmp/pip-build-env-rtpc765w/overlay/lib/python3.12/site-packages/setuptools/dist.py:765: SetuptoolsDeprecationWarning: License classifiers are deprecated.
  [31m   [0m !!
  [31m   [0m 
  [31m   [0m         ********************************************************************************
  [31m   [0m         Please consider removing the following classifiers in favor of a SPDX license expression:
  [31m   [0m 
  [31m   [0m         License :: OSI Approved :: GNU General Public License v3 or later (GPLv3+)
  [31m   [0m 
  [31m   [0m         See https://packaging.python.org/en/latest/guides/writing-pyproject-toml/#license for details.
  [31m   [0m         ********************************************************************************
  [31m   [0m 
  [31m   [0m !!
  [31m   [0m   self._finalize_license_expression()
  [31m   [0m running bdist_wheel
  [31m   [0m running build
  [31m   [0m running build_py
  [31m   [0m creating build/lib.linux-x86_64-cpython-312/xfoil
  [31m   [0m copying xfoil/xfoil.py -> build/lib.linux-x86_64-cpython-312/xfoil
  [31m   [0m copying xfoil/test.py -> build/lib.linux-x86_64-cpython-312/xfoil
  [31m   [0m copying xfoil/__init__.py -> build/lib.linux-x86_64-cpython-312/xfoil
  [31m   [0m copying xfoil/model.py -> build/lib.linux-x86_64-cpython-312/xfoil
  [31m   [0m running build_ext
  [31m   [0m CMake Warning:
  [31m   [0m   Ignoring extra path from command line:
  [31m   [0m 
  [31m   [0m    "/tmp/pip-install-phupyeax/xfoil_271394408f5d4660b1a4bb660ac028fa"
  [31m   [0m 
  [31m   [0m 
  [31m   [0m CMake Error: The source directory "/tmp/pip-install-phupyeax/xfoil_271394408f5d4660b1a4bb660ac028fa" does not appear to contain CMakeLists.txt.
  [31m   [0m Specify --help for usage, or press the help button on the CMake GUI.
  [31m   [0m ['-DCMAKE_BUILD_TYPE=Release', '-DCMAKE_LIBRARY_OUTPUT_DIRECTORY_RELEASE=/tmp/pip-install-phupyeax/xfoil_271394408f5d4660b1a4bb660ac028fa/build/lib.linux-x86_64-cpython-312/xfoil', '-DCMAKE_ARCHIVE_OUTPUT_DIRECTORY_RELEASE=build/temp.linux-x86_64-cpython-312', '-DPYTHON_EXECUTABLE=/home/heinz/env_aero/bin/python']
  [31m   [0m Traceback (most recent call last):
  [31m   [0m   File "/home/heinz/env_aero/lib/python3.12/site-packages/pip/_vendor/pyproject_hooks/_in_process/_in_process.py", line 389, in <module>
  [31m   [0m     main()
  [31m   [0m   File "/home/heinz/env_aero/lib/python3.12/site-packages/pip/_vendor/pyproject_hooks/_in_process/_in_process.py", line 373, in main
  [31m   [0m     json_out["return_val"] = hook(**hook_input["kwargs"])
  [31m   [0m                              ^^^^^^^^^^^^^^^^^^^^^^^^^^^^
  [31m   [0m   File "/home/heinz/env_aero/lib/python3.12/site-packages/pip/_vendor/pyproject_hooks/_in_process/_in_process.py", line 280, in build_wheel
  [31m   [0m     return _build_backend().build_wheel(
  [31m   [0m            ^^^^^^^^^^^^^^^^^^^^^^^^^^^^^
  [31m   [0m   File "/tmp/pip-build-env-rtpc765w/overlay/lib/python3.12/site-packages/setuptools/build_meta.py", line 441, in build_wheel
  [31m   [0m     return _build(['bdist_wheel', '--dist-info-dir', str(metadata_directory)])
  [31m   [0m            ^^^^^^^^^^^^^^^^^^^^^^^^^^^^^^^^^^^^^^^^^^^^^^^^^^^^^^^^^^^^^^^^^^^
  [31m   [0m   File "/tmp/pip-build-env-rtpc765w/overlay/lib/python3.12/site-packages/setuptools/build_meta.py", line 429, in _build
  [31m   [0m     return self._build_with_temp_dir(
  [31m   [0m            ^^^^^^^^^^^^^^^^^^^^^^^^^^
  [31m   [0m   File "/tmp/pip-build-env-rtpc765w/overlay/lib/python3.12/site-packages/setuptools/build_meta.py", line 410, in _build_with_temp_dir
  [31m   [0m     self.run_setup()
  [31m   [0m   File "/tmp/pip-build-env-rtpc765w/overlay/lib/python3.12/site-packages/setuptools/build_meta.py", line 520, in run_setup
  [31m   [0m     super().run_setup(setup_script=setup_script)
  [31m   [0m   File "/tmp/pip-build-env-rtpc765w/overlay/lib/python3.12/site-packages/setuptools/build_meta.py", line 317, in run_setup
  [31m   [0m     exec(code, locals())  # noqa: S102 # exec is intentional here
  [31m   [0m     ^^^^^^^^^^^^^^^^^^^^
  [31m   [0m   File "<string>", line 120, in <module>
  [31m   [0m   File "/tmp/pip-build-env-rtpc765w/overlay/lib/python3.12/site-packages/setuptools/__init__.py", line 117, in setup
  [31m   [0m     return distutils.core.setup(**attrs)  # type: ignore[return-value]
  [31m   [0m            ^^^^^^^^^^^^^^^^^^^^^^^^^^^^^
  [31m   [0m   File "/tmp/pip-build-env-rtpc765w/overlay/lib/python3.12/site-packages/setuptools/_distutils/core.py", line 168, in setup
  [31m   [0m     return run_commands(dist)
  [31m   [0m            ^^^^^^^^^^^^^^^^^^
  [31m   [0m   File "/tmp/pip-build-env-rtpc765w/overlay/lib/python3.12/site-packages/setuptools/_distutils/core.py", line 184, in run_commands
  [31m   [0m     dist.run_commands()
  [31m   [0m   File "/tmp/pip-build-env-rtpc765w/overlay/lib/python3.12/site-packages/setuptools/_distutils/dist.py", line 1028, in run_commands
  [31m   [0m     self.run_command(cmd)
  [31m   [0m   File "/tmp/pip-build-env-rtpc765w/overlay/lib/python3.12/site-packages/setuptools/dist.py", line 1106, in run_command
  [31m   [0m     super().run_command(command)
  [31m   [0m   File "/tmp/pip-build-env-rtpc765w/overlay/lib/python3.12/site-packages/setuptools/_distutils/dist.py", line 1047, in run_command
  [31m   [0m     cmd_obj.run()
  [31m   [0m   File "/tmp/pip-build-env-rtpc765w/overlay/lib/python3.12/site-packages/setuptools/command/bdist_wheel.py", line 385, in run
  [31m   [0m     self.run_command("build")
  [31m   [0m   File "/tmp/pip-build-env-rtpc765w/overlay/lib/python3.12/site-packages/setuptools/_distutils/cmd.py", line 342, in run_command
  [31m   [0m     self.distribution.run_command(command)
  [31m   [0m   File "/tmp/pip-build-env-rtpc765w/overlay/lib/python3.12/site-packages/setuptools/dist.py", line 1106, in run_command
  [31m   [0m     super().run_command(command)
  [31m   [0m   File "/tmp/pip-build-env-rtpc765w/overlay/lib/python3.12/site-packages/setuptools/_distutils/dist.py", line 1047, in run_command
  [31m   [0m     cmd_obj.run()
  [31m   [0m   File "/tmp/pip-build-env-rtpc765w/overlay/lib/python3.12/site-packages/setuptools/_distutils/command/build.py", line 137, in run
  [31m   [0m     self.run_command(cmd_name)
  [31m   [0m   File "/tmp/pip-build-env-rtpc765w/overlay/lib/python3.12/site-packages/setuptools/_distutils/cmd.py", line 342, in run_command
  [31m   [0m     self.distribution.run_command(command)
  [31m   [0m   File "/tmp/pip-build-env-rtpc765w/overlay/lib/python3.12/site-packages/setuptools/dist.py", line 1106, in run_command
  [31m   [0m     super().run_command(command)
  [31m   [0m   File "/tmp/pip-build-env-rtpc765w/overlay/lib/python3.12/site-packages/setuptools/_distutils/dist.py", line 1047, in run_command
  [31m   [0m     cmd_obj.run()
  [31m   [0m   File "/tmp/pip-build-env-rtpc765w/overlay/lib/python3.12/site-packages/setuptools/command/build_ext.py", line 95, in run
  [31m   [0m     _build_ext.run(self)
  [31m   [0m   File "/tmp/pip-build-env-rtpc765w/overlay/lib/python3.12/site-packages/setuptools/_distutils/command/build_ext.py", line 382, in run
  [31m   [0m     self.build_extensions()
  [31m   [0m   File "<string>", line 109, in build_extensions
  [31m   [0m   File "/usr/lib/python3.12/subprocess.py", line 413, in check_call
  [31m   [0m     raise CalledProcessError(retcode, cmd)
  [31m   [0m subprocess.CalledProcessError: Command '['cmake', '/tmp/pip-install-phupyeax/xfoil_271394408f5d4660b1a4bb660ac028fa', '-DCMAKE_BUILD_TYPE=Release', '-DCMAKE_LIBRARY_OUTPUT_DIRECTORY_RELEASE=/tmp/pip-install-phupyeax/xfoil_271394408f5d4660b1a4bb660ac028fa/build/lib.linux-x86_64-cpython-312/xfoil', '-DCMAKE_ARCHIVE_OUTPUT_DIRECTORY_RELEASE=build/temp.linux-x86_64-cpython-312', '-DPYTHON_EXECUTABLE=/home/heinz/env_aero/bin/python']' returned non-zero exit status 1.
  [31m   [0m [31m[end of output][0m
  
  [1;35mnote[0m: This error originates from a subprocess, and is likely not a problem with pip.
[31m  ERROR: Failed building wheel for xfoil[0m[31m
[0mFailed to build xfoil
[1;31merror[0m: [1mfailed-wheel-build-for-install[0m

[31m×[0m Failed to build installable wheels for some pyproject.toml based projects
[31m╰─>[0m xfoil
